Starting a Gradle Daemon, 1 incompatible and 10 stopped Daemons could not be reused, use --status for details
> Task :physics:checkKotlinGradlePluginConfigurationErrors SKIPPED
> Task :physics:processResources NO-SOURCE
> Task :app:preBuild UP-TO-DATE
> Task :app:preDebugBuild UP-TO-DATE
> Task :app:generateDebugResources UP-TO-DATE
> Task :app:packageDebugResources UP-TO-DATE
> Task :app:processDebugNavigationResources UP-TO-DATE
> Task :app:parseDebugLocalResources UP-TO-DATE
> Task :app:generateDebugRFile UP-TO-DATE
> Task :app:javaPreCompileDebug UP-TO-DATE
> Task :app:checkDebugAarMetadata UP-TO-DATE
> Task :app:compileDebugNavigationResources UP-TO-DATE
> Task :physics:compileKotlin
> Task :app:mapDebugSourceSetPaths UP-TO-DATE
> Task :physics:compileJava NO-SOURCE
> Task :physics:classes UP-TO-DATE
> Task :physics:jar UP-TO-DATE
> Task :app:mergeDebugResources UP-TO-DATE
> Task :app:createDebugCompatibleScreenManifests UP-TO-DATE
> Task :app:extractDeepLinksDebug UP-TO-DATE
> Task :app:processDebugMainManifest
> Task :app:processDebugManifest
> Task :app:preDebugUnitTestBuild UP-TO-DATE
> Task :app:javaPreCompileDebugUnitTest UP-TO-DATE
> Task :app:processDebugManifestForPackage
> Task :app:processDebugResources

> Task :app:compileDebugKotlin
w: file:///C:/Users/nm/Documents/Dev_NM/Golf_by_NM/app/src/main/java/com/example/golf_by_nm/GolfSwingScreen.kt:163:44 'val Icons.Filled.List: ImageVector' is deprecated. Use the AutoMirrored version at Icons.AutoMirrored.Filled.List.
w: file:///C:/Users/nm/Documents/Dev_NM/Golf_by_NM/app/src/main/java/com/example/golf_by_nm/GolfSwingScreen.kt:628:5 'fun AlertDialog(onDismissRequest: () -> Unit, modifier: Modifier = ..., properties: DialogProperties = ..., content: @Composable() ComposableFunction0<Unit>): Unit' is deprecated. Use BasicAlertDialog instead.
w: file:///C:/Users/nm/Documents/Dev_NM/Golf_by_NM/app/src/main/java/com/example/golf_by_nm/GolfSwingScreen.kt:661:48 'val Icons.Filled.List: ImageVector' is deprecated. Use the AutoMirrored version at Icons.AutoMirrored.Filled.List.
w: file:///C:/Users/nm/Documents/Dev_NM/Golf_by_NM/app/src/main/java/com/example/golf_by_nm/PuttingLabScreen.kt:59:40 'val Icons.Filled.ArrowBack: ImageVector' is deprecated. Use the AutoMirrored version at Icons.AutoMirrored.Filled.ArrowBack.
w: file:///C:/Users/nm/Documents/Dev_NM/Golf_by_NM/app/src/main/java/com/example/golf_by_nm/PuttingLabScreen.kt:124:36 'val Icons.Filled.List: ImageVector' is deprecated. Use the AutoMirrored version at Icons.AutoMirrored.Filled.List.
w: file:///C:/Users/nm/Documents/Dev_NM/Golf_by_NM/app/src/main/java/com/example/golf_by_nm/PuttingLabScreen.kt:374:5 'fun AlertDialog(onDismissRequest: () -> Unit, modifier: Modifier = ..., properties: DialogProperties = ..., content: @Composable() ComposableFunction0<Unit>): Unit' is deprecated. Use BasicAlertDialog instead.

> Task :app:compileDebugJavaWithJavac NO-SOURCE
> Task :app:processDebugJavaRes UP-TO-DATE
> Task :app:bundleDebugClassesToCompileJar
> Task :app:bundleDebugClassesToRuntimeJar
> Task :app:compileDebugUnitTestKotlin
> Task :app:compileDebugUnitTestJavaWithJavac NO-SOURCE
> Task :app:processDebugUnitTestJavaRes UP-TO-DATE

> Task :app:testDebugUnitTest

GolfPhysicsValidationTest > testTrajectoryMatrix FAILED
    java.lang.AssertionError at GolfPhysicsValidationTest.kt:171

SchoolModeTest > testIronConstraints FAILED
    java.lang.AssertionError at SchoolModeTest.kt:60

SchoolModeTest > testSchoolModeVisualState FAILED
    java.lang.AssertionError at SchoolModeTest.kt:85

24 tests completed, 3 failed

> Task :app:testDebugUnitTest FAILED

FAILURE: Build failed with an exception.

* What went wrong:
Execution failed for task ':app:testDebugUnitTest'.
> There were failing tests. See the report at: file:///C:/Users/nm/Documents/Dev_NM/Golf_by_NM/app/build/reports/tests/testDebugUnitTest/index.html

* Try:
> Run with --scan to generate a Build Scan (Powered by Develocity).

26 actionable tasks: 10 executed, 16 up-to-date
BUILD FAILED in 23s
